$title=
$samplerate=22050
$pre=07
$stop=03
$start
00 code 00
01 code 01
02 code 02 (NEO¥GEO logo)
03 code 03 (Reset)
04 code 04
05 code 05
06 code 06
07 code 07 (Enable)
08 code 08
09 code 09
0a code 0a
0b code 0b
0c code 0c
0d code 0d
0e code 0e
0f code 0f
10 code 10
11 code 11
12 code 12
13 code 13
14 code 14
15 code 15
16 code 16
17 code 17
18 code 18
19 code 19
1a code 1a
1b code 1b
1c code 1c
1d code 1d
1e code 1e
1f code 1f
20 code 20
21 code 21
22 code 22
23 code 23
24 code 24
25 code 25
26 code 26
27 code 27
28 code 28
29 code 29
2a code 2a
2b code 2b
2c code 2c
2d code 2d
2e code 2e
2f code 2f
30 code 30
31 code 31
32 code 32
33 code 33
34 code 34
35 code 35
36 code 36
37 code 37
38 code 38
39 code 39
3a code 3a
3b code 3b
3c code 3c
3d code 3d
3e code 3e
3f code 3f
40 code 40
41 code 41
42 code 42
43 code 43
44 code 44
45 code 45
46 code 46
47 code 47
48 code 48
49 code 49
4a code 4a
4b code 4b
4c code 4c
4d code 4d
4e code 4e
4f code 4f
50 code 50
51 code 51
52 code 52
53 code 53
54 code 54
55 code 55
56 code 56
57 code 57
58 code 58
59 code 59
5a code 5a
5b code 5b
5c code 5c
5d code 5d
5e code 5e
5f code 5f
60 code 60
61 code 61
62 code 62
63 code 63
64 code 64
65 code 65
66 code 66
67 code 67
68 code 68
69 code 69
6a code 6a
6b code 6b
6c code 6c
6d code 6d
6e code 6e
6f code 6f
70 code 70
71 code 71
72 code 72
73 code 73
74 code 74
75 code 75
76 code 76
77 code 77
78 code 78
79 code 79
7a code 7a
7b code 7b
7c code 7c
7d code 7d
7e code 7e
7f code 7f
80 code 80
81 code 81
82 code 82
83 code 83
84 code 84
85 code 85
86 code 86
87 code 87
88 code 88
89 code 89
8a code 8a
8b code 8b
8c code 8c
8d code 8d
8e code 8e
8f code 8f
90 code 90
91 code 91
92 code 92
93 code 93
94 code 94
95 code 95
96 code 96
97 code 97
98 code 98
99 code 99
9a code 9a
9b code 9b
9c code 9c
9d code 9d
9e code 9e
9f code 9f
a0 code a0
a1 code a1
a2 code a2
a3 code a3
a4 code a4
a5 code a5
a6 code a6
a7 code a7
a8 code a8
a9 code a9
aa code aa
ab code ab
ac code ac
ad code ad
ae code ae
af code af
b0 code b0
b1 code b1
b2 code b2
b3 code b3
b4 code b4
b5 code b5
b6 code b6
b7 code b7
b8 code b8
b9 code b9
ba code ba
bb code bb
bc code bc
bd code bd
be code be
bf code bf
c0 code c0
c1 code c1
c2 code c2
c3 code c3
c4 code c4
c5 code c5
c6 code c6
c7 code c7
c8 code c8
c9 code c9
ca code ca
cb code cb
cc code cc
cd code cd
ce code ce
cf code cf
d0 code d0
d1 code d1
d2 code d2
d3 code d3
d4 code d4
d5 code d5
d6 code d6
d7 code d7
d8 code d8
d9 code d9
da code da
db code db
dc code dc
dd code dd
de code de
df code df
e0 code e0
e1 code e1
e2 code e2
e3 code e3
e4 code e4
e5 code e5
e6 code e6
e7 code e7
e8 code e8
e9 code e9
ea code ea
eb code eb
ec code ec
ed code ed
ee code ee
ef code ef
f0 code f0
f1 code f1
f2 code f2
f3 code f3
f4 code f4
f5 code f5
f6 code f6
f7 code f7
f8 code f8
f9 code f9
fa code fa
fb code fb
fc code fc
fd code fd
fe code fe
ff code ff
$end
