$title=Aggressors of Dark Kombat
$samplerate=22050
$pre=fc
$stop=03
$start
02 Neo Geo Logo
27 We are ADK! (ADK Logo)
3d Evil Scripture the 2nd (Opening)
3a The 2nd March (How to Play)
13 What is Your Choice? (Player Select)
35 Make One's Appearance! (Jo: Jingle)
12 Levy Fight! (Jo)
14 Spirit (Jo: Loop)
15 Man of Spirit (Jo: Pinch)
3b The 1st March (Clear)
10 Win? or Lose... (Result)
33 Song of ChinagJiang (Lee: Jingle)
32 Lee Appears (Lee)
3e A Man Who Sells Danger (Lee: Loop)
34 Sympony 1 (Lee: Pinch)
22 The Severe Man (Sheen: Jingle)
0d Be Seized with Fear (Sheen)
0b Winners (Sheen: Loop)
21 Your Life Is in Danger (Sheen: Pinch)
05 Vicissitudes (Kisarah: Jingle)
06 I'm chocked with a thousand emotions (Kisarah)
04 Open Eyes (Kisarah: Loop)
08 As long as one lives (Kisarah: Pinch)
37 Poem of Fuma's Home (Fuma: Jingle)
36 Fuma Appears (Fuma)
43 Rule of Fuma (Fuma: Loop)
2e Rule of Fuma 2 (Fuma: Pinch)
18 Hold Up! (Bobby: Jingle)
1a Free Dancing (Bobby)
19 Take It Easy (Bobby: Loop)
1b Now What Do I Do? (Bobby: Pinch)
23 Poem of Black Panther (Leonhalt: Jingle)
39 Leonhalt Appears (Leonhalt)
2b Epitaph in Desert storm (Leonhalt: Loop)
2c Epitaph in Desert storm 2 (Leonhalt: Pinch)
38 Hey! (Go: Jingle)
0c Come On!! (Go)
0a Love and Bustle Night (Go: Loop)
20 Glow Yourself, You Air Head! (Go: Pinch)
17 A Preposterous Art 1 (Jo, Leonhalt: GanGan)
25 A Preposterous Art 2 (Lee, Sheen, Fuma: GanGan)
26 A Preposterous Art 3 (Kisarah, Bobby, Go: GanGan)
40 Long Night in Summer (Jo: Ending)
2f Hurricane (Lee: Ending)
0e Chance! (Sheen: Ending)
42 Endless Dream (Kisarah: Ending)
09 Stranger (Fuma: Ending)
1d Dance Tonight (Bobby: Ending)
41 Lost Your Heart (Leonhalt: Ending)
0f Dear Friend (Go: Ending)
07 Eternal Intoxication (Continue)
11 My Fight is Done (Game Over)
24 The 3rd March (Ranking)
31 Long Night in Summer (Jo: Ending)
16 Hurricane (Lee: Ending)
44 Chance! (Sheen: Ending)
30 Endless Dream (Kisarah: Ending)
3f Stranger (Fuma: Ending)
1c Dance Tonight (Bobby: Ending)
3c Lost Your Heart (Leonhalt: Ending)
1e Unused 1
1f Unused 2
50 Unused 3
$end
