$title=Garou - Mark of the Wolves
$samplerate=22050
$pre=07
$stop=03
$start
02 Neo Geo Logo
21 Sympathy for the Wolves (Title : Rock)
5d Wolf's Bane (Title: Geese)
3f What Do You Do? (How To Play)
2f My Favorite (Options)
22 Choose Me! (Character Select)
31 Spread the Wings (Rock Howard)
30 Sunrise on the Train (Terry Bogard)
24 Flash in the Darkness (Demo 1: Grant Appers)
32 Loose Genius (Kim Dong Hwan)
33 Too Honest (Kim Jae Hoon)
23 Victory Message
34 Fullmoon - Heartfull (Hotaru Futaba)
35 Fullmoon - A Groan (Gato)
36 Bad Girl? (B. Jenet)
37 From Brazil (Marco Rodriguez)
60 All Right! (KO / Normal)
38 Ninja? or Monkey? (Hokutomaru)
39 All Over With Blood (Freeman)
61 Goody! (KO / SSS)
3a Invincible Mask (Griffon Mask)
3b Wilderness policeman (Kevin Rian)
2d Bingo! (KO / Miracle)
25 Flash in the Darkness - Substance (Demo 2)
3c Destruction Maniac (Grant)
26 Flash in the Darkness - Subvert (Demo 3)
27 Prestige of Phenom - Substance (Demo 4: Kain Appears)
3d Palace of Dignity (Kain R. Heinlein)
28 Prestige of Phenom - Subvert (Breaking Down of Kain's Palace)
29 Prestige of Phenom - New Beginning (Rock's Ending)
2c Do You Do? (Continue)
2a Long Quiet (Ending A)
2b Sorrow (Ending B)
5c Urgency (Ending C)
4e Flash in the Darkness - Symbolism (False Ending Demo)
4f Your Pleasure (False Ending : Credits Roll)
3e Sunset Sky Again (Credits Roll)
4c Game Over (After Continue)
4d Game Over (After Credits Roll)
62 KO / Final Stage 
$end
