$title=Magical Drop 3
$samplerate=22050
$pre=07
$stop=03
$start
39 Opening
38 We are on! ver.2 (Title)
21 Explanation ver.2
22 Select
23 An Episode of One Day (Introduction)
33 Impish Rock'n Roll ver.2 (Devil)
3d Love² March (Lovers)
36 Go Bravely ver.2 (Justice)
3b I'm Mysterious (Emperor)
32 Holiday of Star ver.2 (Star)
34 Legend of Hero ver.2 (Chariot)
24 Dream of Fool ver.2 (Fool)
42 Battle Royal (Death)
3f Road to Saikyo (Hermit)
44 Ki.Ma.Gu.Re (Moon)
41 Shadow (Hunged Man)
46 Don't Look Back (Judgement)
37 Lonely Battle ver.2 (Magician)
3e Whenever (Temperance)
3c In the Wind (Hierophant)
45 Sun's Nap (Sun)
35 Daydream Fly ver.2 (High Priestess)
27 I'm the Best! ver.2 (Empress)
2a Pretty Hunter (Strength, Daughter)
26 Wild Beast ver.2 (Strength, Father)
25 Whisper of Godess ver.2 (World)
28 World Domination (Black Pierrot)
29 Tower's Appearance!
43 Dangerous Zone (Tower)
4b Fortune's Entry!
40 Final Battle (Fortune)
3a Ending
2f Utopia (Credits Roll)
47 Hurry Up! (Adventure)
48 Proceed! (Adventure Map)
4a Fight! (Adventure, Boss)
4e Step 1 (Adventure, Intermission 1)
49 Step 2 (Adventure, Intermission 2)
4f Step 3 (Adventure, Intermission 3)
50 Step 4 (Adventure, Intermission 4)
30 Challenger ver.2 (Challenge Mode)
31 Endless Worker ver.2 (Endurance Mode)
2c I Won! ver.2
2d I Lost! ver.2
2b Just a Moment ver.2 (Another Player Joined In)
4c Continue
4d Today's Fortune
2e Game Over
$end
