$title=Real Bout Fatal Fury Special
$samplerate=22050
$pre=07
$stop=03
$start
02 Neo Geo Logo
35 Real Bout SP (Title)
38 Player Select
34 With Kuri Forever (Terry Bogard)
21 Thunderous Spondrifts (Andy Bogard)
22 A Poem which has came down to the south of Thailand (Joe Higashi)
23 Mai Mai Kyuuun (Mai Shiranui)
24 Taku-Hatu-Rock (Sokaku Mochizuki)
25 Taste of Honey (Bob Wilson)
26 Don Chi Ka!! Chi!! Chi!! (Hon Fu)
27 Blue Mary's Blues (Blue Mary)
28 Goli-Rock (Franco Bash)
29 C62 (Ryuji Yamazaki)
2a No.3 from Pandora's Box; Resolution (Jin Chon Shu & Jin Chon Rei)
3a Victorious
3d New Challenger
2c Duck! Duck! Duck! (Duck King)
2d It's Seoul (Kim Kaph Wan)
2e London March (Billy Kane)
2f How's the four thousand year history in China? II (Tung Fu Rue)
30 Hapshu! Pheeew (Cheng Shinzan)
31 Play with Bull (Laurence Blood)
33 Requiem K.626 [Lacrimosa] (Wolfgang Krauser)
37 Demonstration before fight with Geese
32 Soy Sauce on Geese (Geese Howard)
36 S-Wind (Credits Roll)
3b Continue
3c Game Over
$end
