$title=Real Bout Fatal Fury
$samplerate=22050
$pre=07
$stop=03
$start
02 Neo Geo Logo
3e Real Bout - Fatal Fury (Opening: English)
22 Jabber Away (Options)
23 Hitchhike (Player Select)
59 A Number of Rival Leaders (Map Preview)
2f Big Shot! (Terry Bogard)
2c Thunder Wave (Andy Bogard)
29 Taste of Alligator (Joe Higashi)
57 Revange (Demo 1)
5b Seoul Town (Kim Kaph Wan)
2b Floatage for Piano and Harp from Fantasia to Yvonne Lelord (Mai Shiranui)
27 White Franco (Franco Bash)
38 You Are The Winner (Victory)
5a Duck! Duck! Duck! (Duck King)
26 Taste of Honey (Bob Wilson)
28 Kiss Me (Blue Marry)
2d Tch! Tch! Tch! Tch! (Hon Fu)
2e Taku Hatsu (Sokaku Mochizuki)
5e Has Everybody Arrived Yet? (Demo 2)
32 No.1 from Pandora's Box; Encounter (Jin Chonshu)
33 No.2 from Pandora's Box; Deep Fog (Jin Chonrei)
31 C62 (Ryuji Yamazaki)
5c N.D.R (Billy Kane)
56 Face to Face (Demo 3)
30 Here's Geese! (Geese Howard)
2a Kiss Geese (Geese Howard, Final)
5d Keep Body and Soul (After the Special Match with Geese)
47 Believer -The Sun Set Sky Final- (Ending / Credits Roll)
3d Engage 1 (Name Entry)
55 Continue
3f Game Over
5f Neo Geo Logo
58 Real Bout - Garou Densetsu (Opening: Japanese)
4b Hitchhike
$end
