$title=Samrai Shodown III
$samplerate=22050
$pre=07
$stop=03
$start
02 Neo Geo Logo
3c Sword Spirit (Title)
30 Twelve Swordsmen (Player Select)
31 Fare and Square
21 Masculine Sake (Haohmaru)
32 Conclusion (Conclusion)
22 River (Ukyo Tachibana)
23 Waterfall Training (Galford)
24 Feeling of Nature in the Air (Nakoruru)
34 Victory (Winning Demo)
35 Matchless Sword (Middle Demo)
37 Black Chap (Kuroko Demo)
2c Fighting Drama (Kuroko)
3d Tune of Biwa (Image)
25 Song of Inhumanity (Genjuro Kibagami)
26 Dancing at the Banquet (Kyoshiro Senryo)
27 Hell (Hanzo Hattori)
28 Styx ("Kubikiri" Basara)
29 Temple (Gaira Kafuin)
2a Breeze Smells Sweet (Shizumaru Hisame)
2b Mirror of Mind (Rimururu)
2d Disgraceful Conduct (Amakusa Shiro Tokisada)
36 Strong Man (Boss Demo)
3a Fare and Square 2 (Zankuro Stage - Fare and Square)
2e Final Edge (Zankuro Minazuki 1)
38 Daibutsuden Tumbled Down (Breakdown)
2f Infinity (Zankuro Minazuki 2)
40 Drum in the Rain (Ending)
3b Festival Music #3 (Credits Roll)
33 Encore (Continue)
3e Curtain Fall (Game Over)
39 Unused
$end
