$title=Samrai Shodown II
$samplerate=22050
$pre=07
$stop=03
$start
02 Neo Geo Logo
2d Lion Dance (Title)
38 Fifteen Swordsmen (Player Select)
3c Battle Again (Start Demo)
2e Fare and Square
21 Masculine Road (Haohmaru)
25 Banquet of Nature -Spring- (Nakoruru)
29 Silence (Jubei Yagyu)
36 Rebirth (Middle Demo 1)
33 Knight (Neinhalt Sieger)
31 True Shadow (Hanzo Hattori)
26 Bluefin (Galford)
37 Vengeful Ghost (Middle Demo 2)
22 Flower on the Moon (Ukyo Tachibana)
32 Foreign Lady Part 2 (Charlotte)
30 Magatama Beads Part 2 (Kyoshiro Senryo)
34 Animal Girl (Cham Cham)
3a Bad Luck -Occident- (Middle Demo 3-1 -Occident-)
39 Bad Luck -Orient- (Middle Demo 3-1 -Orient-)
3b True Evil (Middle Demo 3-2, 4)
2c Ogre's Road (Gen-an Shiranui)
23 Blackhearted (Earthquake)
28 Inhumanity (Genjuro Kibagami)
2b Wan-Fu (Wan-Fu)
2a Illusionary Fog (Nicotine Kafuin)
2f Conclusion (Conclusion)
35 Victory (Winning Demo)
47 Making a Challenge (Here Comes Challenger)
27 Elated Rock (Kuroko)
43 Here I Go (Middle Demo 5-1)
41 Final Battle (Middle Demo 5-2)
24 Evil God (Mizuki)
45 Mad Strangeness (Boss Disappearance Demo)
40 New Road -Orient- (Ending -Orient-)
3d New Road -Occident- (Ending -Occident-)
44 Festival Music #2 (Credits Roll)
42 Encore (Continue)
46 Curtain Fall (Game Over)
$end
