$title=Aero Fighters 3
$samplerate=22050
$pre=07
$stop=03
$start
02 Neo Geo Logo
20 Video System!
21 Illusion (Opening & Credits Roll)
22 Overture (Player Select)
24 Dirty City (Tokyo)
33 Show Me What You've Got! (Boss)
37 It's A Sonic Jungle (Stage Clear 1)
25 Scorchers (Germany - Naval Port)
26 Overdrive Man (Africa - Desert)
27 The Sonic Jungle Show Part 1 (Bonus Stage 1)
28 Stereo Type (Grand Canyon)
29 Lackluster Lacuna (London 1)
2c Lackluster Lacuna -Remix- (London 2)
30 With Deep Emotion (France)
2a Motif (Panama Canal)
2d The Sonic Jungle Show Part 2 (Bonus Stage 2)
2e Overdrive Man -Remix- (Africa - Desert)
2f Quacking Meditator (Asia - Ruins)
2b An Exalted Executioner Was Exclaimed (Soviet Russia - Fortress)
31 Deep Groove (Deep Sea)
32 Odyssey (Mars)
35 Deja vu (Final Boss)
36 The Theme of So-Takeko (Final Boss "So-Takeko")
23 It's A Sonic Jungle 2 (Stage Clear 2)
3a Queer A Player Piano (Ending)
38 Illusion -Short Version- (Name Entry)
7b Special Weapon 1
88 Special Weapon 2
8e Special Weapon 3
$end
