$title=World Heroes Perfect
$samplerate=22050
$pre=fc
$stop=03
$start
02 Neo Geo Logo
19 ADK Logo
3a When I Fired The First Gun! (Opening)
11 How to Win (How to Play)
1a Select Heroes (Player Select)
1b VS
21 Flame Blade of Hell (Earth Genesis)
1c Victorious Demo
16 I.Z.A (Challenger Appeared)
24 Tri Service of Birds and Beasts (Jurassic Period)
20 Holy Ice Gorge (Glacial Age)
32 Go by Mammoth (Stone Age)
09 Sirius Rizing (Megalithic Civilization)
07 Ted (Medieval Times)
0e Halo in Asia (Genroku Period)
04 The Foreigner - Kitten Express (Industrial Revolution)
0c Symphony of Evil #2 (World War)
0d Big City (Modern Times)
13 Go to Front (Unused)
3b We Must Take Our Chances! (Zeus Appearing)
06 Zeus No.8; Appassionato (Spatiotemporal Dark Castle)
12 Shiver with Fright (Neo-Dio Appearing)
25 Murder -D- Act.2 (Final Showdown)
33 Ode to The Evening (Hanzou Hattori's Ending)
26 Monkeyish and Dumb Red Ninja (Kotarou Fuuma's Ending)
37 The Final Stroke (Dragon's Ending) 1
38 The Final Stroke (Dragon's Ending) 2
36 Let's Sun Ourselves (Janne's Ending)
15 To Ladies in The World (C. Carn's Ending)
35 Escape from The World of Madness (Muscle Power's Ending)
2a Go for It, Brocken (Brocken's Ending)
22 Merry-Go-Round (Rasputin's Ending)
18 Brother (Shura's Ending)
28 Dad Delights (Eric's Ending) 1
29 Dad Delights (Eric's Ending) 2
39 Merrymaker (Mudman's Ending)
34 In Pursuit of Universal Truth (J.Max's Ending)
0f Let Drop The Curtain (Ryoko Izumo's Ending) 1
31 Let Drop The Curtain (Ryoko Izumo's  Ending) 2
14 Yarow Domo (Captain Kidd's Ending)
23 Hunter's Night (Jack the Ripper's Ending)
2b Renegade Hero (Ryofu's Ending)
08 Best Stride (Son Gokuu's Ending)
27 Dark Hopes (Neo-Dio's Ending)
30 Love Forever (Credits Roll)
10 It'll Be Yet To Come (Cotinue)
0a Game Over
0b Ranking
$end
